// Jest Snapshot v1, https://goo.gl/fbAQLP

exports[`SeatSelectionComponent sanpshot renders 1`] = `null`;
